// Jest Snapshot v1, https://goo.gl/fbAQLP

exports[`Home component tests 1`] = `
<div
  style={
    Object {
      "alignItems": "center",
      "display": "flex",
      "flexDirection": "column",
      "justifyContent": "center",
      "padding": 30,
    }
  }
>
  <div>
    <form
      className="input-group"
      onSubmit={[Function]}
    >
      <input
        className="form-control"
        onChange={[Function]}
        placeholder="insert your array separated by comma"
        value=""
      />
      <span
        className="input-group-btn"
      >
        <button
          className="btn btn-secondary"
          type="submit"
        >
          Submit
        </button>
      </span>
    </form>
  </div>
  <div
    className="card"
  >
    <div
      className="card-block text-nowrap"
    >
      Total water in sinkbase: 
      0
    </div>
  </div>
  <div>
    <svg
      className="Matrix"
      height={50}
      width={0}
    >
      <g>
        <g
          className="Row"
        />
      </g>
    </svg>
  </div>
</div>
`;
